#! /opt/oss-cad-suite/bin/vvp
:ivl_version "13.0 (devel)" "(s20251012-105-g8c9cd25ef)";
:ivl_delay_selection "TYPICAL";
:vpi_time_precision - 12;
:vpi_module "/opt/oss-cad-suite/lib/ivl/system.vpi";
:vpi_module "/opt/oss-cad-suite/lib/ivl/vhdl_sys.vpi";
:vpi_module "/opt/oss-cad-suite/lib/ivl/vhdl_textio.vpi";
:vpi_module "/opt/oss-cad-suite/lib/ivl/v2005_math.vpi";
:vpi_module "/opt/oss-cad-suite/lib/ivl/va_math.vpi";
S_0x55557be48120 .scope module, "accumulator" "accumulator" 2 1;
 .timescale 0 0;
    .port_info 0 /INPUT 1 "clk";
    .port_info 1 /INPUT 1 "rst_n";
    .port_info 2 /INPUT 8 "in_data";
    .port_info 3 /OUTPUT 8 "out_data";
L_0x55557be6c100 .functor BUFZ 8, v0x55557be4c220_0, C4<00000000>, C4<00000000>, C4<00000000>;
v0x55557be4c220_0 .var "acc", 7 0;
o0x7b7067938048 .functor BUFZ 1, c4<z>; HiZ drive
v0x55557be4c2c0_0 .net "clk", 0 0, o0x7b7067938048;  0 drivers
o0x7b7067938078 .functor BUFZ 8, c4<zzzzzzzz>; HiZ drive
v0x55557be49dd0_0 .net "in_data", 7 0, o0x7b7067938078;  0 drivers
v0x55557be49ea0_0 .net "out_data", 7 0, L_0x55557be6c100;  1 drivers
o0x7b70679380d8 .functor BUFZ 1, c4<z>; HiZ drive
v0x55557be668f0_0 .net "rst_n", 0 0, o0x7b70679380d8;  0 drivers
E_0x55557be37940/0 .event negedge, v0x55557be668f0_0;
E_0x55557be37940/1 .event posedge, v0x55557be4c2c0_0;
E_0x55557be37940 .event/or E_0x55557be37940/0, E_0x55557be37940/1;
S_0x55557be2fdc0 .scope module, "mem" "mem" 3 1;
 .timescale 0 0;
    .port_info 0 /INPUT 1 "clk";
    .port_info 1 /INPUT 1 "rst_n";
    .port_info 2 /INPUT 8 "x";
    .port_info 3 /OUTPUT 40 "mem_out";
v0x55557be67110_2 .array/port v0x55557be67110, 2;
v0x55557be66ac0_0 .net *"_ivl_14", 7 0, v0x55557be67110_2;  1 drivers
v0x55557be67110_3 .array/port v0x55557be67110, 3;
v0x55557be66bc0_0 .net *"_ivl_19", 7 0, v0x55557be67110_3;  1 drivers
v0x55557be67110_4 .array/port v0x55557be67110, 4;
v0x55557be66ca0_0 .net *"_ivl_25", 7 0, v0x55557be67110_4;  1 drivers
v0x55557be67110_0 .array/port v0x55557be67110, 0;
v0x55557be66d60_0 .net *"_ivl_4", 7 0, v0x55557be67110_0;  1 drivers
v0x55557be67110_1 .array/port v0x55557be67110, 1;
v0x55557be66e40_0 .net *"_ivl_9", 7 0, v0x55557be67110_1;  1 drivers
v0x55557be66f70_0 .var "addr", 2 0;
o0x7b70679382e8 .functor BUFZ 1, c4<z>; HiZ drive
v0x55557be67050_0 .net "clk", 0 0, o0x7b70679382e8;  0 drivers
v0x55557be67110 .array "mem", 4 0, 7 0;
v0x55557be67270_0 .net "mem_out", 39 0, L_0x55557be6c540;  1 drivers
o0x7b7067938438 .functor BUFZ 1, c4<z>; HiZ drive
v0x55557be673e0_0 .net "rst_n", 0 0, o0x7b7067938438;  0 drivers
o0x7b7067938468 .functor BUFZ 8, c4<zzzzzzzz>; HiZ drive
v0x55557be674a0_0 .net "x", 7 0, o0x7b7067938468;  0 drivers
E_0x55557be39730/0 .event negedge, v0x55557be673e0_0;
E_0x55557be39730/1 .event posedge, v0x55557be67050_0;
E_0x55557be39730 .event/or E_0x55557be39730/0, E_0x55557be39730/1;
LS_0x55557be6c540_0_0 .concat8 [ 8 8 8 8], v0x55557be67110_0, v0x55557be67110_1, v0x55557be67110_2, v0x55557be67110_3;
LS_0x55557be6c540_0_4 .concat8 [ 8 0 0 0], v0x55557be67110_4;
L_0x55557be6c540 .concat8 [ 32 8 0 0], LS_0x55557be6c540_0_0, LS_0x55557be6c540_0_4;
S_0x55557be48a90 .scope module, "tb_fir1" "tb_fir1" 4 3;
 .timescale -9 -12;
v0x55557be6be10_0 .var "clk", 0 0;
v0x55557be6bed0_0 .var "i_x", 7 0;
v0x55557be6bf90_0 .net "o_y", 7 0, L_0x55557be6d270;  1 drivers
v0x55557be6c060_0 .var "rst_n", 0 0;
S_0x55557be67600 .scope module, "dut" "FIR1" 4 10, 5 1 0, S_0x55557be48a90;
 .timescale 0 0;
    .port_info 0 /INPUT 1 "clk";
    .port_info 1 /INPUT 1 "rst_n";
    .port_info 2 /INPUT 8 "i_x";
    .port_info 3 /OUTPUT 8 "o_y";
L_0x55557be6d270 .functor BUFZ 8, L_0x55557be6cfb0, C4<00000000>, C4<00000000>, C4<00000000>;
v0x55557be6b310_0 .net "clk", 0 0, v0x55557be6be10_0;  1 drivers
L_0x7b70675b7060 .functor BUFT 1, C4<00000001>, C4<0>, C4<0>, C4<0>;
v0x55557be6b400 .array "coeff", 2 0;
v0x55557be6b400_0 .net v0x55557be6b400 0, 7 0, L_0x7b70675b7060; 1 drivers
L_0x7b70675b70a8 .functor BUFT 1, C4<00000001>, C4<0>, C4<0>, C4<0>;
v0x55557be6b400_1 .net v0x55557be6b400 1, 7 0, L_0x7b70675b70a8; 1 drivers
L_0x7b70675b70f0 .functor BUFT 1, C4<00000001>, C4<0>, C4<0>, C4<0>;
v0x55557be6b400_2 .net v0x55557be6b400 2, 7 0, L_0x7b70675b70f0; 1 drivers
v0x55557be6b540_0 .net "i_x", 7 0, v0x55557be6bed0_0;  1 drivers
v0x55557be6b610_0 .var "i_x_sec", 7 0;
v0x55557be6b6b0 .array "mult_out", 2 0;
v0x55557be6b6b0_0 .net v0x55557be6b6b0 0, 7 0, L_0x55557be6c810; 1 drivers
v0x55557be6b6b0_1 .net v0x55557be6b6b0 1, 7 0, L_0x55557be6cb40; 1 drivers
v0x55557be6b6b0_2 .net v0x55557be6b6b0 2, 7 0, L_0x55557be6ce60; 1 drivers
v0x55557be6b8d0_0 .net "o_y", 7 0, L_0x55557be6d270;  alias, 1 drivers
L_0x7b70675b7018 .functor BUFT 1, C4<00000000>, C4<0>, C4<0>, C4<0>;
v0x55557be6b9b0 .array "prev_sum", 2 0;
v0x55557be6b9b0_0 .net v0x55557be6b9b0 0, 7 0, L_0x7b70675b7018; 1 drivers
v0x55557be6b9b0_1 .net v0x55557be6b9b0 1, 7 0, L_0x55557be6c9f0; 1 drivers
v0x55557be6b9b0_2 .net v0x55557be6b9b0 2, 7 0, L_0x55557be6cd10; 1 drivers
v0x55557be6ba90_0 .net "rst_n", 0 0, v0x55557be6c060_0;  1 drivers
v0x55557be6bb80 .array "sum", 2 0;
v0x55557be6bb80_0 .net v0x55557be6bb80 0, 7 0, L_0x55557be6c950; 1 drivers
v0x55557be6bb80_1 .net v0x55557be6bb80 1, 7 0, L_0x55557be6cc70; 1 drivers
v0x55557be6bb80_2 .net v0x55557be6bb80 2, 7 0, L_0x55557be6cfb0; 1 drivers
v0x55557be6bce0 .array "x_delay", 2 0;
v0x55557be6bce0_0 .net v0x55557be6bce0 0, 7 0, v0x55557be6b610_0; 1 drivers
v0x55557be6bce0_1 .net v0x55557be6bce0 1, 7 0, v0x55557be69590_0; 1 drivers
v0x55557be6bce0_2 .net v0x55557be6bce0 2, 7 0, v0x55557be6ac70_0; 1 drivers
S_0x55557be67840 .scope generate, "g_fir_tap[0]" "g_fir_tap[0]" 5 29, 5 29 0, S_0x55557be67600;
 .timescale 0 0;
P_0x55557be67a60 .param/l "i" 1 5 29, +C4<00>;
S_0x55557be67b40 .scope module, "a0" "adder" 5 48, 6 1 0, S_0x55557be67840;
 .timescale 0 0;
    .port_info 0 /INPUT 8 "i_x";
    .port_info 1 /INPUT 8 "i_y";
    .port_info 2 /OUTPUT 8 "o_z";
v0x55557be67d40_0 .net "i_x", 7 0, L_0x55557be6c810;  alias, 1 drivers
v0x55557be67e40_0 .net "i_y", 7 0, L_0x7b70675b7018;  alias, 1 drivers
v0x55557be67f20_0 .net "o_z", 7 0, L_0x55557be6c950;  alias, 1 drivers
L_0x55557be6c950 .arith/sum 8, L_0x55557be6c810, L_0x7b70675b7018;
S_0x55557be68090 .scope module, "m0" "mult" 5 40, 7 1 0, S_0x55557be67840;
 .timescale 0 0;
    .port_info 0 /INPUT 8 "i_x";
    .port_info 1 /INPUT 8 "i_y";
    .port_info 2 /OUTPUT 8 "o_z";
v0x55557be68270_0 .net "i_x", 7 0, v0x55557be6b610_0;  alias, 1 drivers
v0x55557be68370_0 .net "i_y", 7 0, L_0x7b70675b7060;  alias, 1 drivers
v0x55557be68450_0 .net "o_z", 7 0, L_0x55557be6c810;  alias, 1 drivers
L_0x55557be6c810 .arith/mult 8, v0x55557be6b610_0, L_0x7b70675b7060;
S_0x55557be685b0 .scope generate, "g_fir_tap[1]" "g_fir_tap[1]" 5 29, 5 29 0, S_0x55557be67600;
 .timescale 0 0;
P_0x55557be687b0 .param/l "i" 1 5 29, +C4<01>;
L_0x55557be6c9f0 .functor BUFZ 8, L_0x55557be6c950, C4<00000000>, C4<00000000>, C4<00000000>;
S_0x55557be68870 .scope module, "a0" "adder" 5 48, 6 1 0, S_0x55557be685b0;
 .timescale 0 0;
    .port_info 0 /INPUT 8 "i_x";
    .port_info 1 /INPUT 8 "i_y";
    .port_info 2 /OUTPUT 8 "o_z";
v0x55557be68ae0_0 .net "i_x", 7 0, L_0x55557be6cb40;  alias, 1 drivers
v0x55557be68be0_0 .net "i_y", 7 0, L_0x55557be6c9f0;  alias, 1 drivers
v0x55557be68cc0_0 .net "o_z", 7 0, L_0x55557be6cc70;  alias, 1 drivers
L_0x55557be6cc70 .arith/sum 8, L_0x55557be6cb40, L_0x55557be6c9f0;
S_0x55557be68e30 .scope generate, "genblk1" "genblk1" 5 31, 5 31 0, S_0x55557be685b0;
 .timescale 0 0;
S_0x55557be69010 .scope module, "z0" "zreg" 5 32, 8 1 0, S_0x55557be68e30;
 .timescale 0 0;
    .port_info 0 /INPUT 1 "clk";
    .port_info 1 /INPUT 1 "rst_n";
    .port_info 2 /INPUT 8 "x";
    .port_info 3 /OUTPUT 8 "y";
v0x55557be692f0_0 .net "clk", 0 0, v0x55557be6be10_0;  alias, 1 drivers
v0x55557be693d0_0 .net "rst_n", 0 0, v0x55557be6c060_0;  alias, 1 drivers
v0x55557be69490_0 .net "x", 7 0, v0x55557be6b610_0;  alias, 1 drivers
v0x55557be69590_0 .var "y", 7 0;
E_0x55557be1dc10/0 .event negedge, v0x55557be693d0_0;
E_0x55557be1dc10/1 .event posedge, v0x55557be692f0_0;
E_0x55557be1dc10 .event/or E_0x55557be1dc10/0, E_0x55557be1dc10/1;
S_0x55557be69700 .scope module, "m0" "mult" 5 40, 7 1 0, S_0x55557be685b0;
 .timescale 0 0;
    .port_info 0 /INPUT 8 "i_x";
    .port_info 1 /INPUT 8 "i_y";
    .port_info 2 /OUTPUT 8 "o_z";
v0x55557be69950_0 .net "i_x", 7 0, v0x55557be69590_0;  alias, 1 drivers
v0x55557be69a60_0 .net "i_y", 7 0, L_0x7b70675b70a8;  alias, 1 drivers
v0x55557be69b20_0 .net "o_z", 7 0, L_0x55557be6cb40;  alias, 1 drivers
L_0x55557be6cb40 .arith/mult 8, v0x55557be69590_0, L_0x7b70675b70a8;
S_0x55557be69c80 .scope generate, "g_fir_tap[2]" "g_fir_tap[2]" 5 29, 5 29 0, S_0x55557be67600;
 .timescale 0 0;
P_0x55557be69e90 .param/l "i" 1 5 29, +C4<010>;
L_0x55557be6cd10 .functor BUFZ 8, L_0x55557be6cc70, C4<00000000>, C4<00000000>, C4<00000000>;
S_0x55557be69f50 .scope module, "a0" "adder" 5 48, 6 1 0, S_0x55557be69c80;
 .timescale 0 0;
    .port_info 0 /INPUT 8 "i_x";
    .port_info 1 /INPUT 8 "i_y";
    .port_info 2 /OUTPUT 8 "o_z";
v0x55557be6a1c0_0 .net "i_x", 7 0, L_0x55557be6ce60;  alias, 1 drivers
v0x55557be6a2c0_0 .net "i_y", 7 0, L_0x55557be6cd10;  alias, 1 drivers
v0x55557be6a3a0_0 .net "o_z", 7 0, L_0x55557be6cfb0;  alias, 1 drivers
L_0x55557be6cfb0 .arith/sum 8, L_0x55557be6ce60, L_0x55557be6cd10;
S_0x55557be6a510 .scope generate, "genblk1" "genblk1" 5 31, 5 31 0, S_0x55557be69c80;
 .timescale 0 0;
S_0x55557be6a6f0 .scope module, "z0" "zreg" 5 32, 8 1 0, S_0x55557be6a510;
 .timescale 0 0;
    .port_info 0 /INPUT 1 "clk";
    .port_info 1 /INPUT 1 "rst_n";
    .port_info 2 /INPUT 8 "x";
    .port_info 3 /OUTPUT 8 "y";
v0x55557be6a990_0 .net "clk", 0 0, v0x55557be6be10_0;  alias, 1 drivers
v0x55557be6aa80_0 .net "rst_n", 0 0, v0x55557be6c060_0;  alias, 1 drivers
v0x55557be6ab50_0 .net "x", 7 0, v0x55557be69590_0;  alias, 1 drivers
v0x55557be6ac70_0 .var "y", 7 0;
S_0x55557be6ad90 .scope module, "m0" "mult" 5 40, 7 1 0, S_0x55557be69c80;
 .timescale 0 0;
    .port_info 0 /INPUT 8 "i_x";
    .port_info 1 /INPUT 8 "i_y";
    .port_info 2 /OUTPUT 8 "o_z";
v0x55557be6afe0_0 .net "i_x", 7 0, v0x55557be6ac70_0;  alias, 1 drivers
v0x55557be6b0f0_0 .net "i_y", 7 0, L_0x7b70675b70f0;  alias, 1 drivers
v0x55557be6b1b0_0 .net "o_z", 7 0, L_0x55557be6ce60;  alias, 1 drivers
L_0x55557be6ce60 .arith/mult 8, v0x55557be6ac70_0, L_0x7b70675b70f0;
    .scope S_0x55557be48120;
T_0 ;
    %wait E_0x55557be37940;
    %load/vec4 v0x55557be668f0_0;
    %nor/r;
    %flag_set/vec4 8;
    %jmp/0xz  T_0.0, 8;
    %pushi/vec4 0, 0, 8;
    %assign/vec4 v0x55557be4c220_0, 0;
    %jmp T_0.1;
T_0.0 ;
    %load/vec4 v0x55557be4c220_0;
    %load/vec4 v0x55557be49dd0_0;
    %add;
    %assign/vec4 v0x55557be4c220_0, 0;
T_0.1 ;
    %jmp T_0;
    .thread T_0;
    .scope S_0x55557be2fdc0;
T_1 ;
    %wait E_0x55557be39730;
    %load/vec4 v0x55557be673e0_0;
    %nor/r;
    %flag_set/vec4 8;
    %jmp/0xz  T_1.0, 8;
    %pushi/vec4 0, 0, 3;
    %assign/vec4 v0x55557be66f70_0, 0;
    %jmp T_1.1;
T_1.0 ;
    %load/vec4 v0x55557be674a0_0;
    %load/vec4 v0x55557be66f70_0;
    %pad/u 4;
    %ix/vec4 3;
    %ix/load 4, 0, 0; Constant delay
    %assign/vec4/a/d v0x55557be67110, 0, 4;
    %load/vec4 v0x55557be66f70_0;
    %addi 1, 0, 3;
    %assign/vec4 v0x55557be66f70_0, 0;
T_1.1 ;
    %jmp T_1;
    .thread T_1;
    .scope S_0x55557be69010;
T_2 ;
    %wait E_0x55557be1dc10;
    %load/vec4 v0x55557be693d0_0;
    %nor/r;
    %flag_set/vec4 8;
    %jmp/0xz  T_2.0, 8;
    %pushi/vec4 0, 0, 8;
    %assign/vec4 v0x55557be69590_0, 0;
    %jmp T_2.1;
T_2.0 ;
    %load/vec4 v0x55557be69490_0;
    %assign/vec4 v0x55557be69590_0, 0;
T_2.1 ;
    %jmp T_2;
    .thread T_2;
    .scope S_0x55557be6a6f0;
T_3 ;
    %wait E_0x55557be1dc10;
    %load/vec4 v0x55557be6aa80_0;
    %nor/r;
    %flag_set/vec4 8;
    %jmp/0xz  T_3.0, 8;
    %pushi/vec4 0, 0, 8;
    %assign/vec4 v0x55557be6ac70_0, 0;
    %jmp T_3.1;
T_3.0 ;
    %load/vec4 v0x55557be6ab50_0;
    %assign/vec4 v0x55557be6ac70_0, 0;
T_3.1 ;
    %jmp T_3;
    .thread T_3;
    .scope S_0x55557be67600;
T_4 ;
    %wait E_0x55557be1dc10;
    %load/vec4 v0x55557be6ba90_0;
    %nor/r;
    %flag_set/vec4 8;
    %jmp/0xz  T_4.0, 8;
    %pushi/vec4 0, 0, 8;
    %assign/vec4 v0x55557be6b610_0, 0;
    %jmp T_4.1;
T_4.0 ;
    %load/vec4 v0x55557be6b540_0;
    %assign/vec4 v0x55557be6b610_0, 0;
T_4.1 ;
    %jmp T_4;
    .thread T_4;
    .scope S_0x55557be48a90;
T_5 ;
    %delay 5000, 0;
    %load/vec4 v0x55557be6be10_0;
    %inv;
    %store/vec4 v0x55557be6be10_0, 0, 1;
    %jmp T_5;
    .thread T_5;
    .scope S_0x55557be48a90;
T_6 ;
    %vpi_call 4 22 "$dumpfile", "wave.vcd" {0 0 0};
    %vpi_call 4 23 "$dumpvars", 32'sb00000000000000000000000000000000, S_0x55557be48a90 {0 0 0};
    %pushi/vec4 0, 0, 1;
    %store/vec4 v0x55557be6be10_0, 0, 1;
    %pushi/vec4 0, 0, 1;
    %store/vec4 v0x55557be6c060_0, 0, 1;
    %pushi/vec4 0, 0, 8;
    %store/vec4 v0x55557be6bed0_0, 0, 8;
    %delay 12000, 0;
    %pushi/vec4 1, 0, 1;
    %store/vec4 v0x55557be6c060_0, 0, 1;
    %pushi/vec4 1, 0, 8;
    %store/vec4 v0x55557be6bed0_0, 0, 8;
    %delay 10000, 0;
    %pushi/vec4 250, 0, 8;
    %store/vec4 v0x55557be6bed0_0, 0, 8;
    %delay 10000, 0;
    %pushi/vec4 10, 0, 8;
    %store/vec4 v0x55557be6bed0_0, 0, 8;
    %delay 10000, 0;
    %pushi/vec4 2, 0, 8;
    %store/vec4 v0x55557be6bed0_0, 0, 8;
    %delay 10000, 0;
    %pushi/vec4 252, 0, 8;
    %store/vec4 v0x55557be6bed0_0, 0, 8;
    %delay 10000, 0;
    %vpi_call 4 42 "$stop" {0 0 0};
    %end;
    .thread T_6;
# The file index is used to find the file name in the following table.
:file_names 9;
    "N/A";
    "<interactive>";
    "accumulator.v";
    "mem.v";
    "../tb/tb_fir1.v";
    "FIR1.v";
    "adder.v";
    "mult.v";
    "zreg.v";
